// Jest Snapshot v1, https://goo.gl/fbAQLP

exports[`Text.vue renders correctly 1`] = `<span class="oy-text oy-text--default"></span>`;
